<?php return array (
  0 => 'Symfony\\Bundle\\FrameworkBundle\\Controller\\AbstractController',
  1 => 'App\\Controller\\Admin\\AdminController',
  2 => 'App\\Controller\\Admin\\CartCrudController',
  3 => 'App\\Controller\\Admin\\CategoryCrudController',
  4 => 'App\\Controller\\Admin\\OrderCrudController',
  5 => 'App\\Controller\\Admin\\ProductCrudController',
  6 => 'App\\Controller\\Admin\\ShippingCrudController',
  7 => 'App\\Controller\\Admin\\UsersCrudController',
  8 => 'App\\Controller\\CartController',
  9 => 'App\\Controller\\CategoryController',
  10 => 'App\\Controller\\DefaultController',
  11 => 'App\\Controller\\OrderController',
  12 => 'App\\Controller\\ProductController',
  13 => 'App\\Controller\\RegistrationController',
  14 => 'App\\Controller\\ResetPasswordController',
  15 => 'App\\Controller\\SecurityController',
  16 => 'App\\Controller\\ShippingController',
  17 => 'App\\Controller\\UserController',
  18 => 'App\\Controller\\UsersController',
  19 => 'App\\Entity\\Admin',
  20 => 'App\\Entity\\Cart',
  21 => 'App\\Entity\\Category',
  22 => 'App\\Entity\\Order',
  23 => 'App\\Entity\\Product',
  24 => 'App\\Entity\\ResetPasswordRequest',
  25 => 'App\\Entity\\Shipping',
  26 => 'App\\Entity\\User',
  27 => 'App\\Entity\\Users',
  28 => 'Doctrine\\Bundle\\DoctrineBundle\\Controller\\ProfilerController',
  29 => 'Doctrine\\ORM\\Cache\\Persister\\Entity\\AbstractEntityPersister',
  30 => 'Doctrine\\ORM\\Cache\\Persister\\Entity\\CachedEntityPersister',
  31 => 'Doctrine\\ORM\\Cache\\Persister\\Entity\\NonStrictReadWriteCachedEntityPersister',
  32 => 'Doctrine\\ORM\\Cache\\Persister\\Entity\\ReadOnlyCachedEntityPersister',
  33 => 'Doctrine\\ORM\\Cache\\Persister\\Entity\\ReadWriteCachedEntityPersister',
  34 => 'Doctrine\\ORM\\Persisters\\Entity\\AbstractEntityInheritancePersister',
  35 => 'Doctrine\\ORM\\Persisters\\Entity\\BasicEntityPersister',
  36 => 'Doctrine\\ORM\\Persisters\\Entity\\CachedPersisterContext',
  37 => 'Doctrine\\ORM\\Persisters\\Entity\\EntityPersister',
  38 => 'Doctrine\\ORM\\Persisters\\Entity\\JoinedSubclassPersister',
  39 => 'Doctrine\\ORM\\Persisters\\Entity\\SingleTablePersister',
  40 => 'EasyCorp\\Bundle\\EasyAdminBundle\\Contracts\\Controller\\CrudControllerInterface',
  41 => 'EasyCorp\\Bundle\\EasyAdminBundle\\Contracts\\Controller\\DashboardControllerInterface',
  42 => 'EasyCorp\\Bundle\\EasyAdminBundle\\Controller\\AbstractCrudController',
  43 => 'EasyCorp\\Bundle\\EasyAdminBundle\\Controller\\AbstractDashboardController',
  44 => 'EasyCorp\\Bundle\\EasyAdminBundle\\Controller\\EasyAdminController',
  45 => 'Gedmo\\Loggable\\Entity\\LogEntry',
  46 => 'Gedmo\\Loggable\\Entity\\MappedSuperclass\\AbstractLogEntry',
  47 => 'Gedmo\\Loggable\\Entity\\Repository\\LogEntryRepository',
  48 => 'Gedmo\\Sortable\\Entity\\Repository\\SortableRepository',
  49 => 'Gedmo\\Translatable\\Entity\\MappedSuperclass\\AbstractPersonalTranslation',
  50 => 'Gedmo\\Translatable\\Entity\\MappedSuperclass\\AbstractTranslation',
  51 => 'Gedmo\\Translatable\\Entity\\Repository\\TranslationRepository',
  52 => 'Gedmo\\Translatable\\Entity\\Translation',
  53 => 'Gedmo\\Translator\\Entity\\Translation',
  54 => 'Gedmo\\Tree\\Entity\\MappedSuperclass\\AbstractClosure',
  55 => 'Gedmo\\Tree\\Entity\\Repository\\AbstractTreeRepository',
  56 => 'Gedmo\\Tree\\Entity\\Repository\\ClosureTreeRepository',
  57 => 'Gedmo\\Tree\\Entity\\Repository\\MaterializedPathRepository',
  58 => 'Gedmo\\Tree\\Entity\\Repository\\NestedTreeRepository',
  59 => 'SymfonyCasts\\Bundle\\ResetPassword\\Controller\\ResetPasswordControllerTrait',
  61 => 'Symfony\\Bundle\\FrameworkBundle\\Controller\\ControllerResolver',
  62 => 'Symfony\\Bundle\\FrameworkBundle\\Controller\\RedirectController',
  63 => 'Symfony\\Bundle\\FrameworkBundle\\Controller\\TemplateController',
  64 => 'Symfony\\Bundle\\WebProfilerBundle\\Controller\\ExceptionPanelController',
  65 => 'Symfony\\Bundle\\WebProfilerBundle\\Controller\\ProfilerController',
  66 => 'Symfony\\Bundle\\WebProfilerBundle\\Controller\\RouterController',
  67 => 'Symfony\\Component\\HttpKernel\\Controller\\ArgumentResolver',
  68 => 'Symfony\\Component\\HttpKernel\\Controller\\ArgumentResolverInterface',
  69 => 'Symfony\\Component\\HttpKernel\\Controller\\ArgumentResolver\\DefaultValueResolver',
  70 => 'Symfony\\Component\\HttpKernel\\Controller\\ArgumentResolver\\NotTaggedControllerValueResolver',
  71 => 'Symfony\\Component\\HttpKernel\\Controller\\ArgumentResolver\\RequestAttributeValueResolver',
  72 => 'Symfony\\Component\\HttpKernel\\Controller\\ArgumentResolver\\RequestValueResolver',
  73 => 'Symfony\\Component\\HttpKernel\\Controller\\ArgumentResolver\\ServiceValueResolver',
  74 => 'Symfony\\Component\\HttpKernel\\Controller\\ArgumentResolver\\SessionValueResolver',
  75 => 'Symfony\\Component\\HttpKernel\\Controller\\ArgumentResolver\\TraceableValueResolver',
  76 => 'Symfony\\Component\\HttpKernel\\Controller\\ArgumentResolver\\VariadicValueResolver',
  77 => 'Symfony\\Component\\HttpKernel\\Controller\\ArgumentValueResolverInterface',
  78 => 'Symfony\\Component\\HttpKernel\\Controller\\ContainerControllerResolver',
  79 => 'Symfony\\Component\\HttpKernel\\Controller\\ControllerReference',
  80 => 'Symfony\\Component\\HttpKernel\\Controller\\ControllerResolver',
  81 => 'Symfony\\Component\\HttpKernel\\Controller\\ControllerResolverInterface',
  82 => 'Symfony\\Component\\HttpKernel\\Controller\\ErrorController',
  83 => 'Symfony\\Component\\HttpKernel\\Controller\\TraceableArgumentResolver',
  84 => 'Symfony\\Component\\HttpKernel\\Controller\\TraceableControllerResolver',
  85 => 'Symfony\\Component\\Security\\Http\\Controller\\UserValueResolver',
);